Microchip MPLAB XC8 Compiler V1.44 ()

Linker command line:

-W-3 --edf=C:\Program Files (x86)\Microchip\xc8\v1.44\dat\en_msgs.txt -cs \
  -h+dist/default/production\oled_ssd1306_16f18326.X.production.sym \
  --cmf=dist/default/production\oled_ssd1306_16f18326.X.production.cmf -z \
  -w9 --disl=596:off --norlf -Q16F18326 \
  -oC:\Users\kane4d\AppData\Local\Temp\s84c.2 \
  -Mdist/default/production/oled_ssd1306_16f18326.X.production.map -E1 \
  -ver=XC8 -ACODE=00h-07FFhx8 -ASTRCODE=00h-03FFFh -ASTRING=00h-0FFhx64 \
  -ACONST=00h-0FFhx64 -AENTRY=00h-0FFhx64 -ACOMMON=070h-07Fh \
  -ABANK0=020h-06Fh -ABANK1=0A0h-0EFh -ABANK2=0120h-016Fh \
  -ABANK3=01A0h-01EFh -ABANK4=0220h-026Fh -ABANK5=02A0h-02EFh \
  -ABANK6=0320h-036Fh -ABANK7=03A0h-03EFh -ABANK8=0420h-046Fh \
  -ABANK9=04A0h-04EFh -ABANK10=0520h-056Fh -ABANK11=05A0h-05EFh \
  -ABANK12=0620h-066Fh -ABANK13=06A0h-06EFh -ABANK14=0720h-076Fh \
  -ABANK15=07A0h-07EFh -ABANK16=0820h-086Fh -ABANK17=08A0h-08EFh \
  -ABANK18=0920h-096Fh -ABANK19=09A0h-09EFh -ABANK20=0A20h-0A6Fh \
  -ABANK21=0AA0h-0AEFh -ABANK22=0B20h-0B6Fh -ABANK23=0BA0h-0BEFh \
  -ABANK24=0C20h-0C6Fh -ABANK25=0CA0h-0CBFh -ABIGRAM=02000h-027EFh \
  -ARAM=020h-06Fh,0A0h-0EFh,0120h-016Fh,01A0h-01EFh,0220h-026Fh,02A0h-02EFh,0320h-036Fh,03A0h-03EFh,0420h-046Fh,04A0h-04EFh,0520h-056Fh,05A0h-05EFh,0620h-066Fh,06A0h-06EFh,0720h-076Fh,07A0h-07EFh,0820h-086Fh,08A0h-08EFh,0920h-096Fh,09A0h-09EFh,0A20h-0A6Fh,0AA0h-0AEFh,0B20h-0B6Fh,0BA0h-0BEFh,0C20h-0C6Fh,0CA0h-0CBFh \
  -AABS1=020h-07Fh,0A0h-0EFh,0120h-016Fh,01A0h-01EFh,0220h-026Fh,02A0h-02EFh,0320h-036Fh,03A0h-03EFh,0420h-046Fh,04A0h-04EFh,0520h-056Fh,05A0h-05EFh,0620h-066Fh,06A0h-06EFh,0720h-076Fh,07A0h-07EFh,0820h-086Fh,08A0h-08EFh,0920h-096Fh,09A0h-09EFh,0A20h-0A6Fh,0AA0h-0AEFh,0B20h-0B6Fh,0BA0h-0BEFh,0C20h-0C6Fh,0CA0h-0CBFh \
  -ASFR0=00h-01Fh -ASFR1=080h-09Fh -ASFR2=0100h-011Fh -ASFR3=0180h-019Fh \
  -ASFR4=0200h-021Fh -ASFR5=0280h-029Fh -ASFR6=0300h-031Fh \
  -ASFR7=0380h-039Fh -ASFR8=0400h-041Fh -ASFR9=0480h-049Fh \
  -ASFR10=0500h-051Fh -ASFR11=0580h-059Fh -ASFR12=0600h-061Fh \
  -ASFR13=0680h-069Fh -ASFR14=0700h-071Fh -ASFR15=0780h-079Fh \
  -ASFR16=0800h-081Fh -ASFR17=0880h-089Fh -ASFR18=0900h-091Fh \
  -ASFR19=0980h-099Fh -ASFR20=0A00h-0A1Fh -ASFR21=0A80h-0A9Fh \
  -ASFR22=0B00h-0B1Fh -ASFR23=0B80h-0B9Fh -ASFR24=0C00h-0C1Fh \
  -ASFR25=0C80h-0C9Fh -ASFR26=0D00h-0D6Fh -ASFR27=0D80h-0DEFh \
  -ASFR28=0E00h-0E6Fh -ASFR29=0E80h-0EEFh -ASFR30=0F00h-0F6Fh \
  -ASFR31=0F80h-0FEFh -preset_vec=00h,intentry,init,end_init -ppowerup=CODE \
  -pcinit=CODE -pfunctab=ENTRY -ACONFIG=08007h-0800Ah -pconfig=CONFIG \
  -DCONFIG=2 -AIDLOC=08000h-08003h -pidloc=IDLOC -DIDLOC=2 \
  -AEEDATA=00h-0FFh/0F000h -peeprom_data=EEDATA -DEEDATA=2 -DCODE=2 \
  -DSTRCODE=2 -DSTRING=2 -DCONST=2 -DENTRY=2 -k \
  C:\Users\kane4d\AppData\Local\Temp\s84c.obj \
  dist/default/production\oled_ssd1306_16f18326.X.production.obj 

Object code version is 3.11

Machine type is 16F18326



                Name                               Link     Load   Length Selector   Space Scale
C:\Users\kane4d\AppData\Local\Temp\s84c.obj
                end_init                             20       20        3        0       0
                reset_vec                             0        0        2        0       0
dist/default/production\oled_ssd1306_16f18326.X.production.obj
                cinit                               7B4      7B4       4C      F68       0
                intentry                              2        2       1E        0       0
                text43                             266C     266C        3     4CD8       0
                text42                             26E8     26E8       11     4DD0       0
                text41                             270D     270D       1A     4E1A       0
                swtext1                            202B     202B       18     4056       0
                text40                             1D4F     1D4F      149     3A9E       0
                text38                             275D     275D       1D     4EBA       0
                text37                             268D     268D        C     4D1A       0
                text36                             27DA     27DA       26     4FB4       0
                text35                             2673     2673        8     4CE6       0
                text34                             266F     266F        4     4CDE       0
                text33                             26CA     26CA        F     4D94       0
                text32                             2741     2741       1C     4E82       0
                text31                             18E9     18E9       5B     31D2       0
                text30                             277A     277A       1E     4EF4       0
                text29                             1813     1813       29     3026       0
                text28                             1001     1001       27     2002       0
                text27                             27B7     27B7       23     4F6E       0
                text26                             183C     183C       2C     3078       0
                text25                             26F9     26F9       14     4DF2       0
                text24                             1944     1944       6A     3288       0
                text23                             1B7E     1B7E       E5     36FC       0
                text22                             1A2F     1A2F       9F     345E       0
                text21                               35       35       3F       6A       0
                text20                             10DB     10DB      175     21B6       0
                text19                             1897     1897       52     312E       0
                text18                             1250     1250      1A8     24A0       0
                text17                              D44      D44       FA     1A88       0
                text16                             26D9     26D9        F     4DB2       0
                text15                             1E98     1E98      168     3D30       0
                text14                             1C63     1C63       EC     38C6       0
                text13                             19AE     19AE       81     335C       0
                text12                             267B     267B        9     4CF6       0
                text11                             1028     1028       B3     2050       0
                text10                              E3E      E3E      1C2     1C7C       0
                text9                              1ACE     1ACE       B0     359C       0
                text8                              2798     2798       1F     4F30       0
                text7                              1868     1868       2F     30D0       0
                text6                              2699     2699        C     4D32       0
                text5                                24       24       11       48       0
                text4                               D11      D11       33     1A22       0
                text3                              26BD     26BD        D     4D7A       0
                text2                               CFB      CFB       16     19F6       0
                text1                              2684     2684        9     4D08       0
                maintext                             74       74      740       E8       0
                cstackBANK0                          20       20       4E       20       1
                cstackCOMMON                         77       77        7       70       1
                cstackBANK1                          A0       A0       43       A0       1
                cstackBANK2                         143      143       15      120       1
                clrtext                            26A5     26A5        C     4D4A       0
                inittext                           26B1     26B1        C     4D62       0
                dataBANK3                           1A0      1A0       1A      1A0       1
                dataBANK2                           158      158       13      120       1
                bssBANK2                            120      120       23      120       1
                bssBANK1                             E3       E3        D       A0       1
                bssBANK0                             6E       6E        2       20       1
                bssCOMMON                            70       70        7       70       1
                stringtext6                        282A     282A        7     5000       0
                stringtext5                        2814     2814        D     5000       0
                stringtext4                        2800     2800       14     5000       0
                stringtext3                        2821     2821        9     5000       0
                stringtext2                        2000     2000       2B     4000       0
                stringtext1                         800      800      4FB     1000       0
                idataBIGRAM                        13F8     13F8      408     27F0       0
                idataBANK3                         2727     2727       1A     4E4E       0
                idataBANK2                         1800     1800       13     27F0       0

TOTAL           Name                               Link     Load   Length     Space
        CLASS   CODE           
                end_init                             20       20        3         0
                cinit                               7B4      7B4       4C         0
                intentry                              2        2       1E         0
                reset_vec                             0        0        2         0
                text43                             266C     266C        3         0
                text42                             26E8     26E8       11         0
                text41                             270D     270D       1A         0
                text40                             1D4F     1D4F      149         0
                text38                             275D     275D       1D         0
                text37                             268D     268D        C         0
                text36                             27DA     27DA       26         0
                text35                             2673     2673        8         0
                text34                             266F     266F        4         0
                text33                             26CA     26CA        F         0
                text32                             2741     2741       1C         0
                text31                             18E9     18E9       5B         0
                text30                             277A     277A       1E         0
                text29                             1813     1813       29         0
                text28                             1001     1001       27         0
                text27                             27B7     27B7       23         0
                text26                             183C     183C       2C         0
                text25                             26F9     26F9       14         0
                text24                             1944     1944       6A         0
                text23                             1B7E     1B7E       E5         0
                text22                             1A2F     1A2F       9F         0
                text21                               35       35       3F         0
                text20                             10DB     10DB      175         0
                text19                             1897     1897       52         0
                text18                             1250     1250      1A8         0
                text17                              D44      D44       FA         0
                text16                             26D9     26D9        F         0
                text15                             1E98     1E98      168         0
                text14                             1C63     1C63       EC         0
                text13                             19AE     19AE       81         0
                text12                             267B     267B        9         0
                text11                             1028     1028       B3         0
                text10                              E3E      E3E      1C2         0
                text9                              1ACE     1ACE       B0         0
                text8                              2798     2798       1F         0
                text7                              1868     1868       2F         0
                text6                              2699     2699        C         0
                text5                                24       24       11         0
                text4                               D11      D11       33         0
                text3                              26BD     26BD        D         0
                text2                               CFB      CFB       16         0
                text1                              2684     2684        9         0
                maintext                             74       74      740         0
                clrtext                            26A5     26A5        C         0
                inittext                           26B1     26B1        C         0
                idataBIGRAM                        13F8     13F8      408         0
                idataBANK3                         2727     2727       1A         0
                idataBANK2                         1800     1800       13         0

        CLASS   STRCODE        
                stringtext6                        282A     282A        7         0
                stringtext5                        2814     2814        D         0
                stringtext4                        2800     2800       14         0
                stringtext3                        2821     2821        9         0
                stringtext2                        2000     2000       2B         0
                stringtext1                         800      800      4FB         0

        CLASS   STRING         

        CLASS   CONST          
                swtext1                            202B     202B       18         0

        CLASS   ENTRY          

        CLASS   COMMON         
                cstackCOMMON                         77       77        7         1
                bssCOMMON                            70       70        7         1

        CLASS   BANK0          
                cstackBANK0                          20       20       4E         1
                bssBANK0                             6E       6E        2         1

        CLASS   BANK1          
                cstackBANK1                          A0       A0       43         1
                bssBANK1                             E3       E3        D         1

        CLASS   BANK2          
                cstackBANK2                         143      143       15         1
                dataBANK2                           158      158       13         1
                bssBANK2                            120      120       23         1

        CLASS   BANK3          
                dataBANK3                           1A0      1A0       1A         1

        CLASS   BANK4          

        CLASS   BANK5          

        CLASS   BANK6          

        CLASS   BANK7          

        CLASS   BANK8          

        CLASS   BANK9          

        CLASS   BANK10         

        CLASS   BANK11         

        CLASS   BANK12         

        CLASS   BANK13         

        CLASS   BANK14         

        CLASS   BANK15         

        CLASS   BANK16         

        CLASS   BANK17         

        CLASS   BANK18         

        CLASS   BANK19         

        CLASS   BANK20         

        CLASS   BANK21         

        CLASS   BANK22         

        CLASS   BANK23         

        CLASS   BANK24         

        CLASS   BANK25         

        CLASS   BIGRAM         

        CLASS   RAM            

        CLASS   ABS1           
                abs_s1                               7E       7E        2         1
                abs_s1                              648      648       28         1
                abs_s1                              6A0      6A0       50         1
                abs_s1                              720      720       50         1
                abs_s1                              7A0      7A0       50         1
                abs_s1                              820      820       50         1
                abs_s1                              8A0      8A0       50         1
                abs_s1                              920      920       50         1
                abs_s1                              9A0      9A0       50         1
                abs_s1                              A20      A20       50         1
                abs_s1                              AA0      AA0       50         1
                abs_s1                              B20      B20       50         1
                abs_s1                              BA0      BA0       50         1
                abs_s1                              C20      C20       50         1
                abs_s1                              CA0      CA0       20         1
                abs_s1                             23E8     23E8        0         1

        CLASS   SFR0           

        CLASS   SFR1           

        CLASS   SFR2           

        CLASS   SFR3           

        CLASS   SFR4           

        CLASS   SFR5           

        CLASS   SFR6           

        CLASS   SFR7           

        CLASS   SFR8           

        CLASS   SFR9           

        CLASS   SFR10          

        CLASS   SFR11          

        CLASS   SFR12          

        CLASS   SFR13          

        CLASS   SFR14          

        CLASS   SFR15          

        CLASS   SFR16          

        CLASS   SFR17          

        CLASS   SFR18          

        CLASS   SFR19          

        CLASS   SFR20          

        CLASS   SFR21          

        CLASS   SFR22          

        CLASS   SFR23          

        CLASS   SFR24          

        CLASS   SFR25          

        CLASS   SFR26          

        CLASS   SFR27          

        CLASS   SFR28          

        CLASS   SFR29          

        CLASS   SFR30          

        CLASS   SFR31          

        CLASS   CONFIG         

        CLASS   IDLOC          

        CLASS   EEDATA         

        CLASS   BANK31         

        CLASS   BANK30         

        CLASS   BANK29         

        CLASS   BANK28         

        CLASS   BANK27         

        CLASS   BANK26         

        CLASS   STACK          



SEGMENTS        Name                           Load    Length   Top    Selector   Space  Class     Delta

                reset_vec                      000000  000023  000023         0       0  CODE        2
                cstackBANK0                    000020  000050  000070        20       1  BANK0       1
                text5                          000024  000011  000035        48       0  CODE        2
                text21                         000035  00003F  000074        6A       0  CODE        2
                bssCOMMON                      000070  00000E  00007E        70       1  COMMON      1
                cstackBANK1                    0000A0  000050  0000F0        A0       1  BANK1       1
                maintext                       000074  000740  0007B4        E8       0  CODE        2
                bssBANK2                       000120  00004B  00016B       120       1  BANK2       1
                dataBANK3                      0001A0  00001A  0001BA       1A0       1  BANK3       1
                cinit                          0007B4  00004C  000800       F68       0  CODE        2
                stringtext1                    000800  0004FB  000CFB      1000       0  STRCODE     2
                text2                          000CFB  000016  000D11      19F6       0  CODE        2
                text4                          000D11  000033  000D44      1A22       0  CODE        2
                text17                         000D44  0000FA  000E3E      1A88       0  CODE        2
                text10                         000E3E  0001C2  001000      1C7C       0  CODE        2
                text28                         001001  000027  001028      2002       0  CODE        2
                text11                         001028  0000B3  0010DB      2050       0  CODE        2
                text20                         0010DB  000175  001250      21B6       0  CODE        2
                text18                         001250  0001A8  0013F8      24A0       0  CODE        2
                idataBIGRAM                    0013F8  00041B  001813      27F0       0  CODE        2
                text29                         001813  000029  00183C      3026       0  CODE        2
                text26                         00183C  00002C  001868      3078       0  CODE        2
                text7                          001868  00002F  001897      30D0       0  CODE        2
                text19                         001897  000052  0018E9      312E       0  CODE        2
                text31                         0018E9  00005B  001944      31D2       0  CODE        2
                text24                         001944  00006A  0019AE      3288       0  CODE        2
                text13                         0019AE  000081  001A2F      335C       0  CODE        2
                text22                         001A2F  00009F  001ACE      345E       0  CODE        2
                text9                          001ACE  0000B0  001B7E      359C       0  CODE        2
                text23                         001B7E  0000E5  001C63      36FC       0  CODE        2
                text14                         001C63  0000EC  001D4F      38C6       0  CODE        2
                text40                         001D4F  000149  001E98      3A9E       0  CODE        2
                text15                         001E98  000168  002000      3D30       0  CODE        2
                stringtext2                    002000  00002B  00202B      4000       0  STRCODE     2
                swtext1                        00202B  000018  002043      4056       0  CONST       2
                text43                         00266C  000003  00266F      4CD8       0  CODE        2
                text34                         00266F  000004  002673      4CDE       0  CODE        2
                text35                         002673  000008  00267B      4CE6       0  CODE        2
                text12                         00267B  000009  002684      4CF6       0  CODE        2
                text1                          002684  000009  00268D      4D08       0  CODE        2
                text37                         00268D  00000C  002699      4D1A       0  CODE        2
                text6                          002699  00000C  0026A5      4D32       0  CODE        2
                clrtext                        0026A5  00000C  0026B1      4D4A       0  CODE        2
                inittext                       0026B1  00000C  0026BD      4D62       0  CODE        2
                text3                          0026BD  00000D  0026CA      4D7A       0  CODE        2
                text33                         0026CA  00000F  0026D9      4D94       0  CODE        2
                text16                         0026D9  00000F  0026E8      4DB2       0  CODE        2
                text42                         0026E8  000011  0026F9      4DD0       0  CODE        2
                text25                         0026F9  000014  00270D      4DF2       0  CODE        2
                text41                         00270D  00001A  002727      4E1A       0  CODE        2
                idataBANK3                     002727  00001A  002741      4E4E       0  CODE        2
                text32                         002741  00001C  00275D      4E82       0  CODE        2
                text38                         00275D  00001D  00277A      4EBA       0  CODE        2
                text30                         00277A  00001E  002798      4EF4       0  CODE        2
                text8                          002798  00001F  0027B7      4F30       0  CODE        2
                text27                         0027B7  000023  0027DA      4F6E       0  CODE        2
                text36                         0027DA  000026  002800      4FB4       0  CODE        2
                stringtext4                    002800  000031  002831      5000       0  STRCODE     2


UNUSED ADDRESS RANGES

        Name                Unused          Largest block    Delta
        BANK10           0520-056F             50           1
        BANK11           05A0-05EF             50           1
        BANK12           0620-0647             28           1
        BANK2            016B-016F              5           1
        BANK3            01BA-01EF             36           1
        BANK4            0220-026F             50           1
        BANK5            02A0-02EF             50           1
        BANK6            0320-036F             50           1
        BANK7            03A0-03EF             50           1
        BANK8            0420-046F             50           1
        BANK9            04A0-04EF             50           1
        BIGRAM           2000-27EF            7F0           1
        CODE             0023-0023              1           2
                         1000-1000              1
                         2043-266B            629
                         2831-3FFF            800
        CONFIG           8007-800A              4           2
        CONST            0023-0023              1           2
                         1000-1000              1
                         2043-266B            100
                         2831-3FFF            100
        EEDATA           F000-F0FF            100           2
        ENTRY            0023-0023              1           2
                         1000-1000              1
                         2043-266B            100
                         2831-3FFF            100
        IDLOC            8000-8003              4           2
        RAM              016B-016F              5           1
                         01BA-01EF             36
                         0220-026F             50
                         02A0-02EF             50
                         0320-036F             50
                         03A0-03EF             50
                         0420-046F             50
                         04A0-04EF             50
                         0520-056F             50
                         05A0-05EF             50
                         0620-0647             28
        SFR0             0000-001F             20           1
        SFR1             0080-009F             20           1
        SFR10            0500-051F             20           1
        SFR11            0580-059F             20           1
        SFR12            0600-061F             20           1
        SFR13            0680-069F             20           1
        SFR14            0700-071F             20           1
        SFR15            0780-079F             20           1
        SFR16            0800-081F             20           1
        SFR17            0880-089F             20           1
        SFR18            0900-091F             20           1
        SFR19            0980-099F             20           1
        SFR2             0100-011F             20           1
        SFR20            0A00-0A1F             20           1
        SFR21            0A80-0A9F             20           1
        SFR22            0B00-0B1F             20           1
        SFR23            0B80-0B9F             20           1
        SFR24            0C00-0C1F             20           1
        SFR25            0C80-0C9F             20           1
        SFR26            0D00-0D6F             70           1
        SFR27            0D80-0DEF             70           1
        SFR28            0E00-0E6F             70           1
        SFR29            0E80-0EEF             70           1
        SFR3             0180-019F             20           1
        SFR30            0F00-0F6F             70           1
        SFR31            0F80-0FEF             70           1
        SFR4             0200-021F             20           1
        SFR5             0280-029F             20           1
        SFR6             0300-031F             20           1
        SFR7             0380-039F             20           1
        SFR8             0400-041F             20           1
        SFR9             0480-049F             20           1
        STRCODE          0023-0023              1           2
                         1000-1000              1
                         2043-266B            629
                         2831-3FFF           17CF
        STRING           0023-0023              1           2
                         1000-1000              1
                         2043-266B            100
                         2831-3FFF            100

                                  Symbol Table

__CFG_BOREN$OFF                      (abs)        0000
__CFG_BORV$LOW                       (abs)        0000
__CFG_CLKOUTEN$OFF                   (abs)        0000
__CFG_CP$OFF                         (abs)        0000
__CFG_CPD$OFF                        (abs)        0000
__CFG_CSWEN$ON                       (abs)        0000
__CFG_DEBUG$OFF                      (abs)        0000
__CFG_FCMEN$ON                       (abs)        0000
__CFG_FEXTOSC$OFF                    (abs)        0000
__CFG_LPBOREN$OFF                    (abs)        0000
__CFG_LVP$OFF                        (abs)        0000
__CFG_MCLRE$ON                       (abs)        0000
__CFG_PPS1WAY$ON                     (abs)        0000
__CFG_PWRTE$OFF                      (abs)        0000
__CFG_RSTOSC$HFINT32                 (abs)        0000
__CFG_STVREN$ON                      (abs)        0000
__CFG_WDTE$OFF                       (abs)        0000
__CFG_WRT$OFF                        (abs)        0000
__Habs1                              abs1         0000
__Hbank0                             bank0        0000
__Hbank1                             bank1        0000
__Hbank10                            bank10       0000
__Hbank11                            bank11       0000
__Hbank12                            bank12       0000
__Hbank13                            bank13       0000
__Hbank14                            bank14       0000
__Hbank15                            bank15       0000
__Hbank16                            bank16       0000
__Hbank17                            bank17       0000
__Hbank18                            bank18       0000
__Hbank19                            bank19       0000
__Hbank2                             bank2        0000
__Hbank20                            bank20       0000
__Hbank21                            bank21       0000
__Hbank22                            bank22       0000
__Hbank23                            bank23       0000
__Hbank24                            bank24       0000
__Hbank25                            bank25       0000
__Hbank26                            bank26       0000
__Hbank27                            bank27       0000
__Hbank28                            bank28       0000
__Hbank29                            bank29       0000
__Hbank3                             bank3        0000
__Hbank30                            bank30       0000
__Hbank31                            bank31       0000
__Hbank4                             bank4        0000
__Hbank5                             bank5        0000
__Hbank6                             bank6        0000
__Hbank7                             bank7        0000
__Hbank8                             bank8        0000
__Hbank9                             bank9        0000
__Hbigram                            bigram       0000
__HbssBANK0                          bssBANK0     0000
__HbssBANK1                          bssBANK1     0000
__HbssBANK2                          bssBANK2     0000
__HbssCOMMON                         bssCOMMON    0000
__Hclrtext                           clrtext      0000
__Hcode                              code         0000
__Hcommon                            common       0000
__Hconfig                            config       0000
__HcstackBANK0                       cstackBANK0  0000
__HcstackBANK1                       cstackBANK1  0000
__HcstackBANK2                       cstackBANK2  0000
__HcstackCOMMON                      cstackCOMMON 0000
__HdataBANK2                         dataBANK2    0000
__HdataBANK3                         dataBANK3    0000
__Heeprom_data                       eeprom_data  0000
__Hfunctab                           functab      0000
__HidataBANK2                        idataBANK2   0000
__HidataBANK3                        idataBANK3   0000
__HidataBIGRAM                       idataBIGRAM  0000
__Hidloc                             idloc        0000
__Hinittext                          inittext     0000
__Hmaintext                          maintext     0000
__Hpowerup                           powerup      0000
__Hram                               ram          0000
__Hsfr0                              sfr0         0000
__Hsfr1                              sfr1         0000
__Hsfr10                             sfr10        0000
__Hsfr11                             sfr11        0000
__Hsfr12                             sfr12        0000
__Hsfr13                             sfr13        0000
__Hsfr14                             sfr14        0000
__Hsfr15                             sfr15        0000
__Hsfr16                             sfr16        0000
__Hsfr17                             sfr17        0000
__Hsfr18                             sfr18        0000
__Hsfr19                             sfr19        0000
__Hsfr2                              sfr2         0000
__Hsfr20                             sfr20        0000
__Hsfr21                             sfr21        0000
__Hsfr22                             sfr22        0000
__Hsfr23                             sfr23        0000
__Hsfr24                             sfr24        0000
__Hsfr25                             sfr25        0000
__Hsfr26                             sfr26        0000
__Hsfr27                             sfr27        0000
__Hsfr28                             sfr28        0000
__Hsfr29                             sfr29        0000
__Hsfr3                              sfr3         0000
__Hsfr30                             sfr30        0000
__Hsfr31                             sfr31        0000
__Hsfr4                              sfr4         0000
__Hsfr5                              sfr5         0000
__Hsfr6                              sfr6         0000
__Hsfr7                              sfr7         0000
__Hsfr8                              sfr8         0000
__Hsfr9                              sfr9         0000
__Hspace_2                           (abs)        0000
__Hspace_3                           (abs)        0000
__Hstack                             stack        0000
__Hstrings                           strings      0000
__Hstringtext1                       stringtext1  0000
__Hstringtext2                       stringtext2  0000
__Hstringtext3                       stringtext3  0000
__Hstringtext4                       stringtext4  0000
__Hstringtext5                       stringtext5  0000
__Hstringtext6                       stringtext6  0000
__Hstringtext7                       stringtext7  0000
__Htext                              text         0000
__Labs1                              abs1         0000
__Lbank0                             bank0        0000
__Lbank1                             bank1        0000
__Lbank10                            bank10       0000
__Lbank11                            bank11       0000
__Lbank12                            bank12       0000
__Lbank13                            bank13       0000
__Lbank14                            bank14       0000
__Lbank15                            bank15       0000
__Lbank16                            bank16       0000
__Lbank17                            bank17       0000
__Lbank18                            bank18       0000
__Lbank19                            bank19       0000
__Lbank2                             bank2        0000
__Lbank20                            bank20       0000
__Lbank21                            bank21       0000
__Lbank22                            bank22       0000
__Lbank23                            bank23       0000
__Lbank24                            bank24       0000
__Lbank25                            bank25       0000
__Lbank26                            bank26       0000
__Lbank27                            bank27       0000
__Lbank28                            bank28       0000
__Lbank29                            bank29       0000
__Lbank3                             bank3        0000
__Lbank30                            bank30       0000
__Lbank31                            bank31       0000
__Lbank4                             bank4        0000
__Lbank5                             bank5        0000
__Lbank6                             bank6        0000
__Lbank7                             bank7        0000
__Lbank8                             bank8        0000
__Lbank9                             bank9        0000
__Lbigram                            bigram       0000
__LbssBANK0                          bssBANK0     0000
__LbssBANK1                          bssBANK1     0000
__LbssBANK2                          bssBANK2     0000
__LbssCOMMON                         bssCOMMON    0000
__Lclrtext                           clrtext      0000
__Lcode                              code         0000
__Lcommon                            common       0000
__Lconfig                            config       0000
__LcstackBANK0                       cstackBANK0  0000
__LcstackBANK1                       cstackBANK1  0000
__LcstackBANK2                       cstackBANK2  0000
__LcstackCOMMON                      cstackCOMMON 0000
__LdataBANK2                         dataBANK2    0000
__LdataBANK3                         dataBANK3    0000
__Leeprom_data                       eeprom_data  0000
__Lfunctab                           functab      0000
__LidataBANK2                        idataBANK2   0000
__LidataBANK3                        idataBANK3   0000
__LidataBIGRAM                       idataBIGRAM  0000
__Lidloc                             idloc        0000
__Linittext                          inittext     0000
__Lmaintext                          maintext     0000
__Lpowerup                           powerup      0000
__Lram                               ram          0000
__Lreset_vec                         reset_vec    0000
__Lsfr0                              sfr0         0000
__Lsfr1                              sfr1         0000
__Lsfr10                             sfr10        0000
__Lsfr11                             sfr11        0000
__Lsfr12                             sfr12        0000
__Lsfr13                             sfr13        0000
__Lsfr14                             sfr14        0000
__Lsfr15                             sfr15        0000
__Lsfr16                             sfr16        0000
__Lsfr17                             sfr17        0000
__Lsfr18                             sfr18        0000
__Lsfr19                             sfr19        0000
__Lsfr2                              sfr2         0000
__Lsfr20                             sfr20        0000
__Lsfr21                             sfr21        0000
__Lsfr22                             sfr22        0000
__Lsfr23                             sfr23        0000
__Lsfr24                             sfr24        0000
__Lsfr25                             sfr25        0000
__Lsfr26                             sfr26        0000
__Lsfr27                             sfr27        0000
__Lsfr28                             sfr28        0000
__Lsfr29                             sfr29        0000
__Lsfr3                              sfr3         0000
__Lsfr30                             sfr30        0000
__Lsfr31                             sfr31        0000
__Lsfr4                              sfr4         0000
__Lsfr5                              sfr5         0000
__Lsfr6                              sfr6         0000
__Lsfr7                              sfr7         0000
__Lsfr8                              sfr8         0000
__Lsfr9                              sfr9         0000
__Lspace_0                           (abs)        0000
__Lspace_1                           (abs)        0000
__Lspace_2                           (abs)        0000
__Lspace_3                           (abs)        0000
__Lstack                             stack        0000
__Lstrings                           strings      0000
__Lstringtext1                       stringtext1  0000
__Lstringtext2                       stringtext2  0000
__Lstringtext3                       stringtext3  0000
__Lstringtext4                       stringtext4  0000
__Lstringtext5                       stringtext5  0000
__Lstringtext6                       stringtext6  0000
__Lstringtext7                       stringtext7  0000
__Ltext                              text         0000
__S3                                 (abs)        0000
___int_sp                            stack        0000
___sp                                stack        0000
__pstringtext7                       stringtext7  0000
__size_of_I2C1_BusCollisionISR       (abs)        0000
__size_of_I2C1_FunctionComplete      (abs)        0000
__size_of_I2C1_ISR                   (abs)        0000
__size_of_I2C1_Initialize            (abs)        0000
__size_of_I2C1_Stop                  (abs)        0000
__size_of_INTERRUPT_InterruptManager (abs)        0000
__size_of_OSCILLATOR_Initialize      (abs)        0000
__size_of_PIN_MANAGER_Initialize     (abs)        0000
__size_of_PMD_Initialize             (abs)        0000
__size_of_SYSTEM_Initialize          (abs)        0000
__size_of_WDT_Initialize             (abs)        0000
__size_of___awdiv                    (abs)        0000
__size_of___wmul                     (abs)        0000
__size_of_display_clear              (abs)        0000
__size_of_display_contrast           (abs)        0000
__size_of_display_init               (abs)        0000
__size_of_display_invert             (abs)        0000
__size_of_display_line               (abs)        0000
__size_of_display_scroll             (abs)        0000
__size_of_display_setPixel           (abs)        0000
__size_of_display_stopscroll         (abs)        0000
__size_of_display_update             (abs)        0000
__size_of_gfx_drawChar               (abs)        0000
__size_of_gfx_drawCircle             (abs)        0000
__size_of_gfx_drawLine               (abs)        0000
__size_of_gfx_drawPixel              (abs)        0000
__size_of_gfx_drawRect               (abs)        0000
__size_of_gfx_drawTriangle           (abs)        0000
__size_of_gfx_fillRect               (abs)        0000
__size_of_gfx_height                 (abs)        0000
__size_of_gfx_hvLine                 (abs)        0000
__size_of_gfx_init                   (abs)        0000
__size_of_gfx_print                  (abs)        0000
__size_of_gfx_println                (abs)        0000
__size_of_gfx_rotation_adjust        (abs)        0000
__size_of_gfx_setCursor              (abs)        0000
__size_of_gfx_setRotation            (abs)        0000
__size_of_gfx_setTextColor           (abs)        0000
__size_of_gfx_setTextSize            (abs)        0000
__size_of_gfx_width                  (abs)        0000
__size_of_gfx_write                  (abs)        0000
__size_of_main                       (abs)        0000
__size_of_my_abs                     (abs)        0000
__size_of_my_strlen                  (abs)        0000
_oled_sendCmd                                         
intlevel0                            functab      0000
intlevel1                            functab      0000
intlevel2                            functab      0000
intlevel3                            functab      0000
intlevel4                            functab      0000
intlevel5                            functab      0000
reset_vec                            reset_vec    0000
stackhi                              (abs)        0000
stacklo                              (abs)        0000
___latbits                           (abs)        0003
_INTERRUPT_InterruptManager          intentry     0002
__Hreset_vec                         reset_vec    0002
__Lintentry                          intentry     0002
__pintentry                          intentry     0002
_INTCONbits                          (abs)        000B
_PIR1bits                            (abs)        0011
?___wmul                             cstackBANK0  0020
?_gfx_height                         cstackBANK0  0020
?_gfx_width                          cstackBANK0  0020
?_my_abs                             cstackBANK0  0020
?_my_strlen                          cstackBANK0  0020
___wmul@multiplier                   cstackBANK0  0020
__pcstackBANK0                       cstackBANK0  0020
_oled_sendCmd$0                      cstackBANK0  0020
display_scroll@end                   cstackBANK0  0020
gfx_init@width                       cstackBANK0  0020
gfx_rotation_adjust@py               cstackBANK0  0020
gfx_setCursor@x                      cstackBANK0  0020
gfx_setTextColor@color               cstackBANK0  0020
my_abs@a                             cstackBANK0  0020
my_strlen@s                          cstackBANK0  0020
display_contrast@cmdbuf              cstackBANK0  0021
display_invert@invert                cstackBANK0  0021
display_scroll@dir                   cstackBANK0  0021
display_stopscroll@cmdbuf            cstackBANK0  0021
gfx_setRotation@x                    cstackBANK0  0021
?___awdiv                            cstackBANK0  0022
___awdiv@divisor                     cstackBANK0  0022
___wmul@multiplicand                 cstackBANK0  0022
_gfx_setTextSize$814                 cstackBANK0  0022
_oled_sendCmd$1                      cstackBANK0  0022
___awdiv@dividend                    cstackBANK0  0024
___wmul@product                      cstackBANK0  0024
_display_invert$761                  cstackBANK0  0024
___awdiv@counter                     cstackBANK0  0027
___awdiv@sign                        cstackBANK0  0028
___awdiv@quotient                    cstackBANK0  0029
__Hinit                              init         0020
__Hintentry                          intentry     0020
__Lend_init                          end_init     0020
__Linit                              init         0020
__end_of_INTERRUPT_InterruptManager  intentry     0020
__Hend_init                          end_init     0023
__ptext5                             text5        0024
_gfx_setCursor                       text5        0024
__end_of_gfx_setCursor               text5        0035
__ptext21                            text21       0035
_gfx_drawPixel                       text21       0035
_WIDTH                               bssBANK0     006E
__pbssBANK0                          bssBANK0     006E
_HEIGHT                              bssCOMMON    0070
__pbssCOMMON                         bssCOMMON    0070
_rotation                            bssCOMMON    0072
_p_i2c1_current                      bssCOMMON    0073
_p_i2c1_trb_current                  bssCOMMON    0074
I2C1_ISR@i2c_address                 bssCOMMON    0075
__pcstackCOMMON                      cstackCOMMON 0077
I2C1_Stop@completion_code            cstackCOMMON 0078
_TRISA                               (abs)        008C
_TRISC                               (abs)        008E
_PIE1bits                            (abs)        0091
_WDTCON                              (abs)        0097
__pcstackBANK1                       cstackBANK1  00A0
_gfx_drawChar$1414                   cstackBANK1  00C8
_gfx_drawChar$1415                   cstackBANK1  00CA
__pbssBANK1                          bssBANK1     00E3
_i2c1_object                         bssBANK1     00E3
__end_of_gfx_drawPixel               text21       0074
__pmaintext                          maintext     0074
__width                              bssBANK1     00E8
_main                                maintext     0074
_textsize                            bssBANK1     00EA
I2C1_ISR@i2c_10bit_address_restart   bssBANK1     00EB
I2C1_ISR@i2c_bytes_left              bssBANK1     00EC
I2C1_ISR@pi2c_buf_ptr                bssBANK1     00ED
_i2c1_trb_count                      bssBANK1     00EE
_i2c1_state                          bssBANK1     00EF
_LATA                                (abs)        010C
_LATC                                (abs)        010E
__pbssBANK2                          bssBANK2     0120
_textbgcolor                         bssBANK2     012A
_textcolor                           bssBANK2     012C
_cursor_y                            bssBANK2     012E
_cursor_x                            bssBANK2     0130
__height                             bssBANK2     0132
_wrap                                bssBANK2     0136
I2C1_MasterRead@trBlock              bssBANK2     0138
I2C1_MasterWrite@trBlock             bssBANK2     013C
_i2c1_tr_queue                       bssBANK2     0140
__pcstackBANK2                       cstackBANK2  0143
_main$672                            cstackBANK2  0143
_main$674                            cstackBANK2  0145
_main$1408                           cstackBANK2  0148
_main$1409                           cstackBANK2  014A
_main$1410                           cstackBANK2  014C
_main$1411                           cstackBANK2  014E
_main$1412                           cstackBANK2  0150
_main$1413                           cstackBANK2  0152
__pdataBANK2                         dataBANK2    0158
_ANSELA                              (abs)        018C
_ANSELC                              (abs)        018E
__pdataBANK3                         dataBANK3    01A0
__Hspace_1                           (abs)        01BA
__S1                                 (abs)        01BA
_WPUA                                (abs)        020C
_WPUC                                (abs)        020E
_SSP1BUF                             (abs)        0211
_SSP1ADD                             (abs)        0212
_SSP1STAT                            (abs)        0214
_SSP1CON1                            (abs)        0215
_SSP1CON1bits                        (abs)        0215
_SSP1CON2bits                        (abs)        0216
_SSP1CON3                            (abs)        0217
_ODCONA                              (abs)        028C
_ODCONC                              (abs)        028E
_PMD0                                (abs)        0911
_PMD1                                (abs)        0912
_PMD2                                (abs)        0913
_PMD3                                (abs)        0914
_PMD4                                (abs)        0915
_PMD5                                (abs)        0916
_OSCCON1                             (abs)        0919
_OSCCON3                             (abs)        091B
_OSCEN                               (abs)        091D
_OSCTUNE                             (abs)        091E
_OSCFRQ                              (abs)        091F
_SSP1CLKPPSbits                      (abs)        0E20
_SSP1DATPPSbits                      (abs)        0E21
_RC4PPSbits                          (abs)        0EA4
_RC5PPSbits                          (abs)        0EA5
__Lcinit                             cinit        07B4
__end_of_main                        maintext     07B4
__initialization                     cinit        07B4
__end_of__initialization             cinit        07FC
__Hcinit                             cinit        0800
__pstringtext1                       stringtext1  0800
_font                                stringtext1  0800
__end_of_font                        stringtext1  0CFB
__ptext2                             text2        0CFB
_gfx_setTextSize                     text2        0CFB
__end_of_gfx_setTextSize             text2        0D11
__ptext4                             text4        0D11
_gfx_setRotation                     text4        0D11
__end_of_gfx_setRotation             text4        0D44
__ptext17                            text17       0D44
_gfx_hvLine                          text17       0D44
__end_of_gfx_hvLine                  text17       0E3E
__ptext10                            text10       0E3E
_gfx_drawChar                        text10       0E3E
__end_of_gfx_drawChar                text10       1000
__ptext28                            text28       1001
_display_init                        text28       1001
__end_of_display_init                text28       1028
__ptext11                            text11       1028
_gfx_fillRect                        text11       1028
__end_of_gfx_fillRect                text11       10DB
__ptext20                            text20       10DB
_gfx_drawCircle                      text20       10DB
__pdataBIGRAM                        (abs)        23E8
_frameBuff                           (abs)        23E8
__end_of_gfx_drawCircle              text20       1250
__ptext18                            text18       1250
_display_line                        text18       1250
__end_of_display_line                text18       13F8
__pidataBIGRAM                       idataBIGRAM  13F8
__Hspace_0                           (abs)        2831
__S0                                 (abs)        2831
__pidataBANK2                        idataBANK2   1800
__ptext29                            text29       1813
_gfx_init                            text29       1813
__end_of_gfx_init                    text29       183C
__ptext26                            text26       183C
_display_scroll                      text26       183C
__end_of_display_scroll              text26       1868
__ptext7                             text7        1868
_gfx_print                           text7        1868
___awdiv                             text19       1897
__end_of_gfx_print                   text7        1897
__ptext19                            text19       1897
__end_of___awdiv                     text19       18E9
__ptext31                            text31       18E9
_display_clear                       text31       18E9
__end_of_display_clear               text31       1944
__ptext24                            text24       1944
_display_update                      text24       1944
__end_of_display_update              text24       19AE
__ptext13                            text13       19AE
_gfx_drawTriangle                    text13       19AE
__end_of_gfx_drawTriangle            text13       1A2F
__ptext22                            text22       1A2F
_gfx_rotation_adjust                 text22       1A2F
__end_of_gfx_rotation_adjust         text22       1ACE
__ptext9                             text9        1ACE
_gfx_write                           text9        1ACE
__end_of_gfx_write                   text9        1B7E
__ptext23                            text23       1B7E
_display_setPixel                    text23       1B7E
__end_of_display_setPixel            text23       1C63
__ptext14                            text14       1C63
_gfx_drawRect                        text14       1C63
_I2C1_ISR                            text40       1D4F
__end_of_gfx_drawRect                text14       1D4F
__ptext40                            text40       1D4F
__end_of_I2C1_ISR                    text40       1E98
__ptext15                            text15       1E98
_gfx_drawLine                        text15       1E98
__end_of_gfx_drawLine                text15       2000
__pstringtext2                       stringtext2  2000
__end_of_ssd1306_init_cmd            stringtext2  202B
__pswtext1                           swtext1      202B
_PLLR                                (abs)        48E0
_I2C1_BusCollisionISR                text43       266C
__ptext43                            text43       266C
_WDT_Initialize                      text34       266F
__end_of_I2C1_BusCollisionISR        text43       266F
__ptext34                            text34       266F
_PMD_Initialize                      text35       2673
__end_of_WDT_Initialize              text34       2673
__ptext35                            text35       2673
__end_of_PMD_Initialize              text35       267B
__ptext12                            text12       267B
_gfx_height                          text12       267B
__end_of_gfx_height                  text12       2684
__ptext1                             text1        2684
_gfx_width                           text1        2684
_OSCILLATOR_Initialize               text37       268D
__end_of_gfx_width                   text1        268D
__ptext37                            text37       268D
__end_of_OSCILLATOR_Initialize       text37       2699
__ptext6                             text6        2699
_gfx_println                         text6        2699
__end_of_gfx_println                 text6        26A5
__ptext3                             text3        26BD
_gfx_setTextColor                    text3        26BD
_SYSTEM_Initialize                   text33       26CA
__end_of_gfx_setTextColor            text3        26CA
__ptext33                            text33       26CA
__end_of_SYSTEM_Initialize           text33       26D9
__ptext16                            text16       26D9
_my_abs                              text16       26D9
_I2C1_FunctionComplete               text42       26E8
__end_of_my_abs                      text16       26E8
__ptext42                            text42       26E8
__end_of_I2C1_FunctionComplete       text42       26F9
__ptext25                            text25       26F9
_display_stopscroll                  text25       26F9
_I2C1_Stop                           text41       270D
__end_of_display_stopscroll          text25       270D
__ptext41                            text41       270D
__end_of_I2C1_Stop                   text41       2727
__pidataBANK3                        idataBANK3   2727
___wmul                              text32       2741
__ptext32                            text32       2741
_I2C1_Initialize                     text38       275D
__end_of___wmul                      text32       275D
__ptext38                            text38       275D
__end_of_I2C1_Initialize             text38       277A
__ptext30                            text30       277A
_display_contrast                    text30       277A
__end_of_display_contrast            text30       2798
__ptext8                             text8        2798
_my_strlen                           text8        2798
__end_of_my_strlen                   text8        27B7
__ptext27                            text27       27B7
_display_invert                      text27       27B7
_PIN_MANAGER_Initialize              text36       27DA
__end_of_display_invert              text27       27DA
__ptext36                            text36       27DA
__end_of_PIN_MANAGER_Initialize      text36       2800
__pstringtext4                       stringtext4  2800
__end_of_ssd1306_cmd_setColAddr      stringtext4  2804
__pstringtext5                       stringtext5  2814
__pstringtext3                       stringtext3  2821
__end_of_DotB1                       stringtext3  282A
__pstringtext6                       stringtext6  282A
display_invert@cmdbuf                cstackBANK0  0022
display_scroll@speed                 cstackBANK0  0022
gfx_init@height                      cstackBANK0  0022
gfx_setCursor@y                      cstackBANK0  0022
display_contrast@contrast            cstackBANK0  0024
display_scroll@cmdbuf                cstackBANK0  0024
gfx_setTextSize@size                 cstackBANK0  0024
my_strlen@cp                         cstackBANK0  0024
display_init@cmdbuf                  cstackBANK0  0025
display_line@x1                      cstackBANK0  0026
display_setPixel@x                   cstackBANK0  0026
gfx_rotation_adjust@y0               cstackBANK0  0027
display_line@y1                      cstackBANK0  0028
display_setPixel@y                   cstackBANK0  0028
gfx_rotation_adjust@px               cstackBANK0  0029
display_line@x2                      cstackBANK0  002A
display_setPixel@color               cstackBANK0  002A
display_line@y2                      cstackBANK0  002C
display_update@cmdbuf                cstackBANK0  002C
display_scroll@start                 cstackBANK0  002D
display_clear@x                      cstackBANK0  002E
display_line@color                   cstackBANK0  002E
display_clear@page                   cstackBANK0  002F
display_update@page                  cstackBANK0  0031
gfx_drawPixel@x                      cstackBANK0  0036
display_line@pend_779                cstackBANK0  0038
gfx_drawPixel@y                      cstackBANK0  0038
display_line@pstart_778              cstackBANK0  003A
gfx_drawPixel@color                  cstackBANK0  003A
display_line@ubit                    cstackBANK0  003C
display_line@pstart                  cstackBANK0  003D
gfx_drawCircle@x0                    cstackBANK0  003D
display_line@pend                    cstackBANK0  003F
gfx_drawCircle@y0                    cstackBANK0  003F
start                                init         0020
display_line@lbit                    cstackBANK0  0041
gfx_drawCircle@r                     cstackBANK0  0041
display_line@pixmask                 cstackBANK0  0042
display_line@mask                    cstackBANK0  0043
gfx_drawCircle@color                 cstackBANK0  0043
display_line@ptr_781                 cstackBANK0  0044
display_line@ptr                     cstackBANK0  0046
gfx_hvLine@x1                        cstackBANK0  0048
gfx_drawCircle@ddF_x                 cstackBANK0  0049
gfx_hvLine@y1                        cstackBANK0  004A
gfx_drawCircle@ddF_y                 cstackBANK0  004B
gfx_hvLine@x2                        cstackBANK0  004C
gfx_drawCircle@f                     cstackBANK0  004D
gfx_hvLine@y2                        cstackBANK0  004E
gfx_drawCircle@x                     cstackBANK0  004F
gfx_hvLine@color                     cstackBANK0  0050
gfx_drawCircle@y                     cstackBANK0  0051
gfx_hvLine@t                         cstackBANK0  0053
gfx_drawLine@x0                      cstackBANK0  0055
gfx_drawLine@y0                      cstackBANK0  0057
gfx_drawLine@x1                      cstackBANK0  0059
gfx_drawLine@y1                      cstackBANK0  005B
gfx_drawLine@color                   cstackBANK0  005D
gfx_fillRect@i                       cstackBANK0  006B
gfx_write@ch                         cstackBANK0  006D
btemp                                (abs)        007E
int$flags                            (abs)        007E
wtemp0                               (abs)        007E
gfx_drawLine@dy                      cstackBANK1  00A0
gfx_drawLine@ystep                   cstackBANK1  00A2
gfx_drawLine@err                     cstackBANK1  00A4
gfx_drawLine@steep                   cstackBANK1  00A6
gfx_drawLine@dx                      cstackBANK1  00A8
gfx_drawLine@t                       cstackBANK1  00AA
gfx_drawRect@x                       cstackBANK1  00AC
gfx_drawTriangle@x0                  cstackBANK1  00AC
gfx_fillRect@x                       cstackBANK1  00AC
gfx_drawRect@y                       cstackBANK1  00AE
gfx_drawTriangle@y0                  cstackBANK1  00AE
gfx_fillRect@y                       cstackBANK1  00AE
gfx_drawRect@w                       cstackBANK1  00B0
gfx_drawTriangle@x1                  cstackBANK1  00B0
gfx_fillRect@w                       cstackBANK1  00B0
gfx_drawRect@h                       cstackBANK1  00B2
gfx_drawTriangle@y1                  cstackBANK1  00B2
gfx_fillRect@h                       cstackBANK1  00B2
gfx_drawRect@color                   cstackBANK1  00B4
gfx_drawTriangle@x2                  cstackBANK1  00B4
gfx_fillRect@color                   cstackBANK1  00B4
gfx_drawChar@x                       cstackBANK1  00B6
gfx_drawTriangle@y2                  cstackBANK1  00B6
gfx_drawChar@y                       cstackBANK1  00B8
gfx_drawTriangle@color               cstackBANK1  00B8
gfx_drawChar@c                       cstackBANK1  00BA
gfx_drawChar@color                   cstackBANK1  00BB
gfx_drawChar@bg                      cstackBANK1  00BD
gfx_drawChar@size                    cstackBANK1  00BF
gfx_drawChar@line                    cstackBANK1  00C7
gfx_drawChar@j                       cstackBANK1  00CC
gfx_drawChar@i                       cstackBANK1  00CD
gfx_print@s                          cstackBANK1  00D5
gfx_print@len                        cstackBANK1  00D7
gfx_print@i                          cstackBANK1  00D9
gfx_println@s                        cstackBANK1  00DB
display_invert@F7621                 bssBANK2     0134
display_scroll@F7650                 dataBANK2    0158
display_update@F7624                 dataBANK2    0161
display_contrast@F7618               dataBANK2    0166
display_stopscroll@F7644             dataBANK2    0169
display_init@F7608                   dataBANK3    01A0
end_of_initialization                cinit        07FC
clear_ram0                           clrtext      26A5
main@color                           cstackBANK2  0147
main@j                               cstackBANK2  0154
main@i                               cstackBANK2  0156
start_initialization                 cinit        07B4
init_ram                             inittext     26B1
